node.exe : FAIL __tests__/integration/TypingTutor.test.tsx
At line:1 char:1
+ & "C:\Program Files\nodejs/node.exe" "C:\Program Files\nodejs/node_mo ...
+ ~~~~~~~~~~~~~~~~~~~~~~~~~~~~~~~~~~~~~~~~~~~~~~~~~~~~~~~~~~~~~~~~~~~~~
    + CategoryInfo          : NotSpecified: (FAIL __tests__/...gTutor.test.tsx:String) [], RemoteException
    + FullyQualifiedErrorId : NativeCommandError
 
  TypingTutor Integration
    initial render
      ΓêÜ renders the app title (299 ms)
      ΓêÜ renders navigation tabs (98 ms)
      ΓêÜ renders language toggle (80 ms)
      ΓêÜ renders set type selector (85 ms)
      ├ù renders stats bar with progress rings (100 ms)
    language switching
      ΓêÜ switches to English when English button is clicked (120 ms)
      ΓêÜ switches to Nepali when αñ¿αÑçαñ¬αñ╛αñ▓αÑÇ button is clicked (127 ms)
    practice mode switching
      ΓêÜ switches to Custom mode (104 ms)
      ΓêÜ switches to Test mode (98 ms)
      ΓêÜ switches back to Lessons mode (91 ms)
    control buttons
      ΓêÜ toggles pause/resume (56 ms)
      ├ù toggles finger guide (64 ms)
      ΓêÜ toggles sound (76 ms)
      ΓêÜ toggles theme (82 ms)
    statistics and achievements panels
      ΓêÜ opens statistics panel (115 ms)
      ├ù opens achievements panel (104 ms)
      ΓêÜ opens high scores panel (89 ms)
    custom text mode
      ΓêÜ accepts custom text input (104 ms)
    dark mode persistence
      ΓêÜ saves theme to localStorage (90 ms)

  ΓùÅ TypingTutor Integration ΓÇ║ initial render ΓÇ║ renders stats bar with progress rings

    TestingLibraryElementError: Found multiple elements with the text: 0

    Here are the matching elements:

    Ignored nodes: comments, script, style
    [36m<span[39m
      [33mstyle[39m=[32m"font-size: 14px; font-weight: 700; color: var(--primary); line-height: 1;"[39m
    [36m>[39m
      [0m0[0m
    [36m</span>[39m

    Ignored nodes: comments, script, style
    [36m<span[39m
      [33mstyle[39m=[32m"font-size: 14px; font-weight: 700; color: var(--muted-light); line-height: 1;"[39m
    [36m>[39m
      [0m0[0m
    [36m</span>[39m

    Ignored nodes: comments, script, style
    [36m<div[39m
      [33mstyle[39m=[32m"font-size: 15px; text-align: center; font-weight: 400; line-height: 1; position: relative; 
z-index: 1;"[39m
    [36m>[39m
      [0m0[0m
    [36m</div>[39m

    (If this is intentional, then use the `*AllBy*` variant of the query (like `queryAllByText`, `getAllByText`, or 
`findAllByText`)).

    Ignored nodes: comments, script, style
    [36m<body>[39m
      [36m<div>[39m
        [36m<div[39m
          [33mstyle[39m=[32m"height: 100vh; display: flex; flex-direction: column; overflow: hidden; 
background-color: rgb(248, 250, 252); color: rgb(15, 23, 42); transition: background-color 0.3s, color 0.3s; 
background-image: radial-gradient(ellipse at 20% 50%, rgba(99,102,241,0.04) 0%, transparent 60%), 
radial-gradient(ellipse at 80% 20%, rgba(6,182,212,0.03) 0%, transparent 60%);"[39m
        [36m>[39m
          [36m<header[39m
            [33mstyle[39m=[32m"background: rgba(255, 255, 255, 0.6); border-bottom: 1px solid rgba(0, 0, 0, 0.06); 
position: sticky; top: 0px; z-index: 50;"[39m
          [36m>[39m
            [36m<div[39m
              [33mstyle[39m=[32m"max-width: 100%; margin: 0px auto; padding: 0px 12px; height: 40px; display: flex; 
align-items: center; gap: 12px;"[39m
            [36m>[39m
              [36m<div[39m
                [33mstyle[39m=[32m"display: flex; align-items: center; gap: 6px; flex-shrink: 0;"[39m
              [36m>[39m
                [36m<div[39m
                  [33mstyle[39m=[32m"width: 24px; height: 24px; border-radius: 6px; background: 
linear-gradient(135deg, var(--primary), var(--accent)); display: flex; align-items: center; justify-content: center; 
font-size: 13px; font-weight: 700; color: white; font-family: var(--font-nepali);"[39m
                [36m>[39m
                  [0mαñƒ[0m
                [36m</div>[39m
                [36m<span[39m
                  [33mstyle[39m=[32m"font-weight: 600; font-size: 13px; letter-spacing: -0.02em;"[39m
                [36m>[39m
                  [0mTypeshala[0m
                [36m</span>[39m
              [36m</div>[39m
              [36m<div[39m
                [33mstyle[39m=[32m"width: 1px; height: 18px; background: rgba(0, 0, 0, 0.08); flex-shrink: 0;"[39m
              [36m/>[39m
              [36m<div[39m
                [33mstyle[39m=[32m"display: flex; align-items: center; gap: 2px; flex-shrink: 0;"[39m
              [36m>[39m
                [36m<button[39m
                  [33mstyle[39m=[32m"padding: 4px 10px; border-radius: 6px; cursor: pointer; font-size: 11px; 
font-weight: 600; font-family: var(--font-sans); display: flex; align-items: center; gap: 4px; background: 
linear-gradient(135deg, var(--primary), var(--accent)); color: white; transition: all 0.15s ease;"[39m
                [36m>[39m
                  [36m<svg[39m
                    [33maria-hidden[39m=[32m"true"[39m
                    [33mfill[39m=[32m"none"[39m
                    [33mheight[39m=[32m"14"[39m
                    [33mstroke[39m=[32m"currentColor"[39m
                    [33mstroke-linecap[39m=[32m"round"[39m
                    [33mstroke-linejoin[39m=[32m"round"[39m
                    [33mstroke-width[39m=[32m"2"[39m
                    [33mviewBox[39m=[32m"0 0 24 24"[39m
                    [33mwidth[39m=[32m"14"[39m
                  [36m>[39m
                    [36m<path[39m
                      [33md[39m=[32m"M4 19.5A2.5 2.5 0 0 1 6.5 17H20"[39m
                    [36m/>[39m
                    [36m<path[39m
                      [33md[39m=[32m"M6.5 2H20v20H6.5A2.5 2.5 0 0 1 4 19.5v-15A2.5 2.5 0 0 1 6.5 2z"[39m
                    [36m/>[39m
                  [36m</svg>[39m
                  [0mLessons[0m
                [36m</button>[39m
                [36m<button[39m
                  [33mstyle[39m=[32m"padding: 4px 10px; border-radius: 6px; cursor: pointer; font-size: 11px; 
font-weight: 600; font-family: var(--font-sans); display: flex; align-items: center; gap: 4px; background: 
transparent; color: var(--muted-light); transition: all 0.15s ease;"[39m
                [36m>[39m
                  [36m<svg[39m
                    [33maria-hidden[39m=[32m"true"[39m
                    [33mfill[39m=[32m"none"[39m
                    [33mheight[39m=[32m"14"[39m
                    [33mstroke[39m=[32m"currentColor"[39m
                    [33mstroke-linecap[39m=[32m"round"[39m
                    [33mstroke-linejoin[39m=[32m"round"[39m
                    [33mstroke-width[39m=[32m"2"[39m
                    [33mviewBox[39m=[32m"0 0 24 24"[39m
                    [33mwidth[39m=[32m"14"[39m
                  [36m>[39m
                    [36m<polyline[39m
                      [33mpoints[39m=[32m"4 7 4 4 20 4 20 7"[39m
                    [36m/>[39m
                    [36m<line[39m
                      [33mx1[39m=[32m"9"[39m
                      [33mx2[39m=[32m"15"[39m
                      [33my1[39m=[32m"20"[39m
                      [33my2[39m=[32m"20"[39m
                    [36m/>[39m
                    [36m<line[39m
                      [33mx1[39m=[32m"12"[39m
                      [33mx2[39m=[32m"12"[39m
                      [33my1[39m=[32m"4"[39m
                      [33my2[39m=[32m"20"[39m
                    [36m/>[39m
                  [36m</svg>[39m
                  [0mCustom[0m
                [36m</button>[39m
                [36m<button[39m
                  [33mstyle[39m=[32m"padding: 4px 10px; border-radius: 6px; cursor: pointer; font-size: 11px; 
font-weight: 600; font-family: var(--font-sans); display: flex; align-items: center; gap: 4px; background: 
transparent; color: var(--muted-light); transition: all 0.15s ease;"[39m
                [36m>[39m
                  [36m<svg[39m
                    [33mfill[39m=[32m"none"[39m
                    [33mheight[39m=[32m"12"[39m
                    [33mstroke[39m=[32m"currentColor"[39m
                    [33mstroke-linecap[39m=[32m"round"[39m
                    [33mstroke-linejoin[39m=[32m"round"[39m
                    [33mstroke-width[39m=[32m"2"[39m
                    [33mviewBox[39m=[32m"0 0 24 24"[39m
                    [33mwidth[39m=[32m"12"[39m
                  [36m>[39m
                    [36m<circle[39m
                      [33mcx[39m=[32m"12"[39m
                      [33mcy[39m=[32m"12"[39m
                      [33mr[39m=[32m"10"[39m
                    [36m/>[39m
                    [36m<polyline[39m
                      [33mpoints[39m=[32m"12 6 12 12 16 14"[39m
                    [36m/>[39m
                  [36m</svg>[39m
                  [0mTest[0m
                [36m</button>[39m
              [36m</div>[39m
              [36m<div[39m
                [33mstyle[39m=[32m"flex: 1 1 0%;"[39m
              [36m/>[39m
              [36m<div[39m
                [33mstyle[39m=[32m"display: flex; align-items: center; gap: 1px;"[39m
              [36m>[39m
                [36m<button[39m
                  [33mstyle[39m=[32m"width: 30px; height: 30px; border-radius: 6px; cursor: pointer; display: flex; 
align-items: center; justify-content: center; background: rgba(34, 197, 94, 0.08); color: inherit; transition: all 
0.15s ease; flex-shrink: 0;"[39m
                  [33mtitle[39m=[32m"Sound"[39m
                [36m>[39m
                  [36m<svg[39m
                    [33maria-hidden[39m=[32m"true"[39m
                    [33mfill[39m=[32m"none"[39m
                    [33mheight[39m=[32m"14"[39m
                    [33mstroke[39m=[32m"currentColor"[39m
                    [...

    [0m [90m 68 |[39m       })[33m;[39m
     [90m 69 |[39m       [90m// StatsBar renders progress rings with WPM/accuracy values[39m
    [31m[1m>[22m[39m[90m 70 |[39m       
expect(screen[33m.[39mgetByText([32m"0"[39m))[33m.[39mtoBeInTheDocument()[33m;[39m
     [90m    |[39m                     [31m[1m^[22m[39m
     [90m 71 |[39m     })[33m;[39m
     [90m 72 |[39m   })[33m;[39m
     [90m 73 |[39m[0m

      at Object.getElementError (node_modules/@testing-library/dom/dist/config.js:37:19)
      at getElementError (node_modules/@testing-library/dom/dist/query-helpers.js:20:35)
      at getMultipleElementsFoundError (node_modules/@testing-library/dom/dist/query-helpers.js:23:10)
      at node_modules/@testing-library/dom/dist/query-helpers.js:55:13
      at node_modules/@testing-library/dom/dist/query-helpers.js:95:19
      at Object.getByText (__tests__/integration/TypingTutor.test.tsx:70:21)

  ΓùÅ TypingTutor Integration ΓÇ║ control buttons ΓÇ║ toggles finger guide

    TestingLibraryElementError: Unable to find an element with the text: /Finger Guide/. This could be because the 
text is broken up by multiple elements. In this case, you can provide a function for your text matcher to make your 
matcher more flexible.

    Ignored nodes: comments, script, style
    [36m<body>[39m
      [36m<div>[39m
        [36m<div[39m
          [33mstyle[39m=[32m"height: 100vh; display: flex; flex-direction: column; overflow: hidden; 
background-color: rgb(248, 250, 252); color: rgb(15, 23, 42); transition: background-color 0.3s, color 0.3s; 
background-image: radial-gradient(ellipse at 20% 50%, rgba(99,102,241,0.04) 0%, transparent 60%), 
radial-gradient(ellipse at 80% 20%, rgba(6,182,212,0.03) 0%, transparent 60%);"[39m
        [36m>[39m
          [36m<header[39m
            [33mstyle[39m=[32m"background: rgba(255, 255, 255, 0.6); border-bottom: 1px solid rgba(0, 0, 0, 0.06); 
position: sticky; top: 0px; z-index: 50;"[39m
          [36m>[39m
            [36m<div[39m
              [33mstyle[39m=[32m"max-width: 100%; margin: 0px auto; padding: 0px 12px; height: 40px; display: flex; 
align-items: center; gap: 12px;"[39m
            [36m>[39m
              [36m<div[39m
                [33mstyle[39m=[32m"display: flex; align-items: center; gap: 6px; flex-shrink: 0;"[39m
              [36m>[39m
                [36m<div[39m
                  [33mstyle[39m=[32m"width: 24px; height: 24px; border-radius: 6px; background: 
linear-gradient(135deg, var(--primary), var(--accent)); display: flex; align-items: center; justify-content: center; 
font-size: 13px; font-weight: 700; color: white; font-family: var(--font-nepali);"[39m
                [36m>[39m
                  [0mαñƒ[0m
                [36m</div>[39m
                [36m<span[39m
                  [33mstyle[39m=[32m"font-weight: 600; font-size: 13px; letter-spacing: -0.02em;"[39m
                [36m>[39m
                  [0mTypeshala[0m
                [36m</span>[39m
              [36m</div>[39m
              [36m<div[39m
                [33mstyle[39m=[32m"width: 1px; height: 18px; background: rgba(0, 0, 0, 0.08); flex-shrink: 0;"[39m
              [36m/>[39m
              [36m<div[39m
                [33mstyle[39m=[32m"display: flex; align-items: center; gap: 2px; flex-shrink: 0;"[39m
              [36m>[39m
                [36m<button[39m
                  [33mstyle[39m=[32m"padding: 4px 10px; border-radius: 6px; cursor: pointer; font-size: 11px; 
font-weight: 600; font-family: var(--font-sans); display: flex; align-items: center; gap: 4px; background: 
linear-gradient(135deg, var(--primary), var(--accent)); color: white; transition: all 0.15s ease;"[39m
                [36m>[39m
                  [36m<svg[39m
                    [33maria-hidden[39m=[32m"true"[39m
                    [33mfill[39m=[32m"none"[39m
                    [33mheight[39m=[32m"14"[39m
                    [33mstroke[39m=[32m"currentColor"[39m
                    [33mstroke-linecap[39m=[32m"round"[39m
                    [33mstroke-linejoin[39m=[32m"round"[39m
                    [33mstroke-width[39m=[32m"2"[39m
                    [33mviewBox[39m=[32m"0 0 24 24"[39m
                    [33mwidth[39m=[32m"14"[39m
                  [36m>[39m
                    [36m<path[39m
                      [33md[39m=[32m"M4 19.5A2.5 2.5 0 0 1 6.5 17H20"[39m
                    [36m/>[39m
                    [36m<path[39m
                      [33md[39m=[32m"M6.5 2H20v20H6.5A2.5 2.5 0 0 1 4 19.5v-15A2.5 2.5 0 0 1 6.5 2z"[39m
                    [36m/>[39m
                  [36m</svg>[39m
                  [0mLessons[0m
                [36m</button>[39m
                [36m<button[39m
                  [33mstyle[39m=[32m"padding: 4px 10px; border-radius: 6px; cursor: pointer; font-size: 11px; 
font-weight: 600; font-family: var(--font-sans); display: flex; align-items: center; gap: 4px; background: 
transparent; color: var(--muted-light); transition: all 0.15s ease;"[39m
                [36m>[39m
                  [36m<svg[39m
                    [33maria-hidden[39m=[32m"true"[39m
                    [33mfill[39m=[32m"none"[39m
                    [33mheight[39m=[32m"14"[39m
                    [33mstroke[39m=[32m"currentColor"[39m
                    [33mstroke-linecap[39m=[32m"round"[39m
                    [33mstroke-linejoin[39m=[32m"round"[39m
                    [33mstroke-width[39m=[32m"2"[39m
                    [33mviewBox[39m=[32m"0 0 24 24"[39m
                    [33mwidth[39m=[32m"14"[39m
                  [36m>[39m
                    [36m<polyline[39m
                      [33mpoints[39m=[32m"4 7 4 4 20 4 20 7"[39m
                    [36m/>[39m
                    [36m<line[39m
                      [33mx1[39m=[32m"9"[39m
                      [33mx2[39m=[32m"15"[39m
                      [33my1[39m=[32m"20"[39m
                      [33my2[39m=[32m"20"[39m
                    [36m/>[39m
                    [36m<line[39m
                      [33mx1[39m=[32m"12"[39m
                      [33mx2[39m=[32m"12"[39m
                      [33my1[39m=[32m"4"[39m
                      [33my2[39m=[32m"20"[39m
                    [36m/>[39m
                  [36m</svg>[39m
                  [0mCustom[0m
                [36m</button>[39m
                [36m<button[39m
                  [33mstyle[39m=[32m"padding: 4px 10px; border-radius: 6px; cursor: pointer; font-size: 11px; 
font-weight: 600; font-family: var(--font-sans); display: flex; align-items: center; gap: 4px; background: 
transparent; color: var(--muted-light); transition: all 0.15s ease;"[39m
                [36m>[39m
                  [36m<svg[39m
                    [33mfill[39m=[32m"none"[39m
                    [33mheight[39m=[32m"12"[39m
                    [33mstroke[39m=[32m"currentColor"[39m
                    [33mstroke-linecap[39m=[32m"round"[39m
                    [33mstroke-linejoin[39m=[32m"round"[39m
                    [33mstroke-width[39m=[32m"2"[39m
                    [33mviewBox[39m=[32m"0 0 24 24"[39m
                    [33mwidth[39m=[32m"12"[39m
                  [36m>[39m
                    [36m<circle[39m
                      [33mcx[39m=[32m"12"[39m
                      [33mcy[39m=[32m"12"[39m
                      [33mr[39m=[32m"10"[39m
                    [36m/>[39m
                    [36m<polyline[39m
                      [33mpoints[39m=[32m"12 6 12 12 16 14"[39m
                    [36m/>[39m
                  [36m</svg>[39m
                  [0mTest[0m
                [36m</button>[39m
              [36m</div>[39m
              [36m<div[39m
                [33mstyle[39m=[32m"flex: 1 1 0%;"[39m
              [36m/>[39m
              [36m<div[39m
                [33mstyle[39m=[32m"display: flex; align-items: center; gap: 1px;"[39m
              [36m>[39m
                [36m<button[39m
                  [33mstyle[39m=[32m"width: 30px; height: 30px; border-radius: 6px; cursor: pointer; display: flex; 
align-items: center; justify-content: center; background: rgba(34, 197, 94, 0.08); color: inherit; transition: all 
0.15s ease; flex-shrink: 0;"[39m
                  [33mtitle[39m=[32m"Sound"[39m
                [36m>[39m
                  [36m<svg[39m
                    [33maria-hidden[39m=[32m"true"[39m
                    [33mfill[39m=[32m"none"[39m
                    [33mheight[39m=[32m"14"[39m
                    [33mstroke[39m=[32m"currentColor"[39m
                    [...

    [0m [90m 134 |[39m       [36mconst[39m fingerGuideBtn [33m=[39m screen[33m.[39mgetByTitle([32m"Finger 
Guide"[39m)[33m;[39m
     [90m 135 |[39m       fireEvent[33m.[39mclick(fingerGuideBtn)[33m;[39m
    [31m[1m>[22m[39m[90m 136 |[39m       expect(screen[33m.[39mgetByText([35m/Finger 
Guide/[39m))[33m.[39mtoBeInTheDocument()[33m;[39m
     [90m     |[39m                     [31m[1m^[22m[39m
     [90m 137 |[39m     })[33m;[39m
     [90m 138 |[39m
     [90m 139 |[39m     it([32m"toggles sound"[39m[33m,[39m [36masync[39m () [33m=>[39m {[0m

      at Object.getElementError (node_modules/@testing-library/dom/dist/config.js:37:19)
      at node_modules/@testing-library/dom/dist/query-helpers.js:76:38
      at node_modules/@testing-library/dom/dist/query-helpers.js:52:17
      at node_modules/@testing-library/dom/dist/query-helpers.js:95:19
      at Object.getByText (__tests__/integration/TypingTutor.test.tsx:136:21)

  ΓùÅ TypingTutor Integration ΓÇ║ statistics and achievements panels ΓÇ║ opens achievements panel

    TestingLibraryElementError: Unable to find an element with the text: Achievements. This could be because the text 
is broken up by multiple elements. In this case, you can provide a function for your text matcher to make your matcher 
more flexible.

    Ignored nodes: comments, script, style
    [36m<body>[39m
      [36m<div>[39m
        [36m<div[39m
          [33mstyle[39m=[32m"height: 100vh; display: flex; flex-direction: column; overflow: hidden; 
background-color: rgb(248, 250, 252); color: rgb(15, 23, 42); transition: background-color 0.3s, color 0.3s; 
background-image: radial-gradient(ellipse at 20% 50%, rgba(99,102,241,0.04) 0%, transparent 60%), 
radial-gradient(ellipse at 80% 20%, rgba(6,182,212,0.03) 0%, transparent 60%);"[39m
        [36m>[39m
          [36m<header[39m
            [33mstyle[39m=[32m"background: rgba(255, 255, 255, 0.6); border-bottom: 1px solid rgba(0, 0, 0, 0.06); 
position: sticky; top: 0px; z-index: 50;"[39m
          [36m>[39m
            [36m<div[39m
              [33mstyle[39m=[32m"max-width: 100%; margin: 0px auto; padding: 0px 12px; height: 40px; display: flex; 
align-items: center; gap: 12px;"[39m
            [36m>[39m
              [36m<div[39m
                [33mstyle[39m=[32m"display: flex; align-items: center; gap: 6px; flex-shrink: 0;"[39m
              [36m>[39m
                [36m<div[39m
                  [33mstyle[39m=[32m"width: 24px; height: 24px; border-radius: 6px; background: 
linear-gradient(135deg, var(--primary), var(--accent)); display: flex; align-items: center; justify-content: center; 
font-size: 13px; font-weight: 700; color: white; font-family: var(--font-nepali);"[39m
                [36m>[39m
                  [0mαñƒ[0m
                [36m</div>[39m
                [36m<span[39m
                  [33mstyle[39m=[32m"font-weight: 600; font-size: 13px; letter-spacing: -0.02em;"[39m
                [36m>[39m
                  [0mTypeshala[0m
                [36m</span>[39m
              [36m</div>[39m
              [36m<div[39m
                [33mstyle[39m=[32m"width: 1px; height: 18px; background: rgba(0, 0, 0, 0.08); flex-shrink: 0;"[39m
              [36m/>[39m
              [36m<div[39m
                [33mstyle[39m=[32m"display: flex; align-items: center; gap: 2px; flex-shrink: 0;"[39m
              [36m>[39m
                [36m<button[39m
                  [33mstyle[39m=[32m"padding: 4px 10px; border-radius: 6px; cursor: pointer; font-size: 11px; 
font-weight: 600; font-family: var(--font-sans); display: flex; align-items: center; gap: 4px; background: 
linear-gradient(135deg, var(--primary), var(--accent)); color: white; transition: all 0.15s ease;"[39m
                [36m>[39m
                  [36m<svg[39m
                    [33maria-hidden[39m=[32m"true"[39m
                    [33mfill[39m=[32m"none"[39m
                    [33mheight[39m=[32m"14"[39m
                    [33mstroke[39m=[32m"currentColor"[39m
                    [33mstroke-linecap[39m=[32m"round"[39m
                    [33mstroke-linejoin[39m=[32m"round"[39m
                    [33mstroke-width[39m=[32m"2"[39m
                    [33mviewBox[39m=[32m"0 0 24 24"[39m
                    [33mwidth[39m=[32m"14"[39m
                  [36m>[39m
                    [36m<path[39m
                      [33md[39m=[32m"M4 19.5A2.5 2.5 0 0 1 6.5 17H20"[39m
                    [36m/>[39m
                    [36m<path[39m
                      [33md[39m=[32m"M6.5 2H20v20H6.5A2.5 2.5 0 0 1 4 19.5v-15A2.5 2.5 0 0 1 6.5 2z"[39m
                    [36m/>[39m
                  [36m</svg>[39m
                  [0mLessons[0m
                [36m</button>[39m
                [36m<button[39m
                  [33mstyle[39m=[32m"padding: 4px 10px; border-radius: 6px; cursor: pointer; font-size: 11px; 
font-weight: 600; font-family: var(--font-sans); display: flex; align-items: center; gap: 4px; background: 
transparent; color: var(--muted-light); transition: all 0.15s ease;"[39m
                [36m>[39m
                  [36m<svg[39m
                    [33maria-hidden[39m=[32m"true"[39m
                    [33mfill[39m=[32m"none"[39m
                    [33mheight[39m=[32m"14"[39m
                    [33mstroke[39m=[32m"currentColor"[39m
                    [33mstroke-linecap[39m=[32m"round"[39m
                    [33mstroke-linejoin[39m=[32m"round"[39m
                    [33mstroke-width[39m=[32m"2"[39m
                    [33mviewBox[39m=[32m"0 0 24 24"[39m
                    [33mwidth[39m=[32m"14"[39m
                  [36m>[39m
                    [36m<polyline[39m
                      [33mpoints[39m=[32m"4 7 4 4 20 4 20 7"[39m
                    [36m/>[39m
                    [36m<line[39m
                      [33mx1[39m=[32m"9"[39m
                      [33mx2[39m=[32m"15"[39m
                      [33my1[39m=[32m"20"[39m
                      [33my2[39m=[32m"20"[39m
                    [36m/>[39m
                    [36m<line[39m
                      [33mx1[39m=[32m"12"[39m
                      [33mx2[39m=[32m"12"[39m
                      [33my1[39m=[32m"4"[39m
                      [33my2[39m=[32m"20"[39m
                    [36m/>[39m
                  [36m</svg>[39m
                  [0mCustom[0m
                [36m</button>[39m
                [36m<button[39m
                  [33mstyle[39m=[32m"padding: 4px 10px; border-radius: 6px; cursor: pointer; font-size: 11px; 
font-weight: 600; font-family: var(--font-sans); display: flex; align-items: center; gap: 4px; background: 
transparent; color: var(--muted-light); transition: all 0.15s ease;"[39m
                [36m>[39m
                  [36m<svg[39m
                    [33mfill[39m=[32m"none"[39m
                    [33mheight[39m=[32m"12"[39m
                    [33mstroke[39m=[32m"currentColor"[39m
                    [33mstroke-linecap[39m=[32m"round"[39m
                    [33mstroke-linejoin[39m=[32m"round"[39m
                    [33mstroke-width[39m=[32m"2"[39m
                    [33mviewBox[39m=[32m"0 0 24 24"[39m
                    [33mwidth[39m=[32m"12"[39m
                  [36m>[39m
                    [36m<circle[39m
                      [33mcx[39m=[32m"12"[39m
                      [33mcy[39m=[32m"12"[39m
                      [33mr[39m=[32m"10"[39m
                    [36m/>[39m
                    [36m<polyline[39m
                      [33mpoints[39m=[32m"12 6 12 12 16 14"[39m
                    [36m/>[39m
                  [36m</svg>[39m
                  [0mTest[0m
                [36m</button>[39m
              [36m</div>[39m
              [36m<div[39m
                [33mstyle[39m=[32m"flex: 1 1 0%;"[39m
              [36m/>[39m
              [36m<div[39m
                [33mstyle[39m=[32m"display: flex; align-items: center; gap: 1px;"[39m
              [36m>[39m
                [36m<button[39m
                  [33mstyle[39m=[32m"width: 30px; height: 30px; border-radius: 6px; cursor: pointer; display: flex; 
align-items: center; justify-content: center; background: rgba(34, 197, 94, 0.08); color: inherit; transition: all 
0.15s ease; flex-shrink: 0;"[39m
                  [33mtitle[39m=[32m"Sound"[39m
                [36m>[39m
                  [36m<svg[39m
                    [33maria-hidden[39m=[32m"true"[39m
                    [33mfill[39m=[32m"none"[39m
                    [33mheight[39m=[32m"14"[39m
                    [33mstroke[39m=[32m"currentColor"[39m
                    [...

    [0m [90m 172 |[39m       [36mconst[39m achievementsBtn [33m=[39m 
screen[33m.[39mgetByTitle([32m"Achievements"[39m)[33m;[39m
     [90m 173 |[39m       fireEvent[33m.[39mclick(achievementsBtn)[33m;[39m
    [31m[1m>[22m[39m[90m 174 |[39m       
expect(screen[33m.[39mgetByText([32m"Achievements"[39m))[33m.[39mtoBeInTheDocument()[33m;[39m
     [90m     |[39m                     [31m[1m^[22m[39m
     [90m 175 |[39m     })[33m;[39m
     [90m 176 |[39m
     [90m 177 |[39m     it([32m"opens high scores panel"[39m[33m,[39m [36masync[39m () [33m=>[39m {[0m

      at Object.getElementError (node_modules/@testing-library/dom/dist/config.js:37:19)
      at node_modules/@testing-library/dom/dist/query-helpers.js:76:38
      at node_modules/@testing-library/dom/dist/query-helpers.js:52:17
      at node_modules/@testing-library/dom/dist/query-helpers.js:95:19
      at Object.getByText (__tests__/integration/TypingTutor.test.tsx:174:21)

Test Suites: 1 failed, 1 total
Tests:       3 failed, 16 passed, 19 total
Snapshots:   0 total
Time:        3.564 s
Ran all test suites matching __tests__/integration/TypingTutor.test.tsx.
